[backblue.gif]
[fade.gif]
[index.html]
[themeforest.net/item/materia-responsive-admin-template/full_screen_preview/11242576a7ca.html]
[marketplace.envato.com/index5ae2.html]
[themeforest.net/item/materia-responsive-admin-template/full_screen_preview/&quot;http_/solutionportal.net/projects/materia/html&quot;&gt;&lt;img]
[themeforest.net/item/materia-responsive-admin-template/full_screen_preview/&quot;http_..._]
[dmypbau5frl9g.cloudfront.net/assets/market/core/index-878a2986c156b16068ec7b86dfca26a0.css]
[dmypbau5frl9g.cloudfront.net/assets/market/pages/preview/index-a2e0167dc984a97c7a1a38e740989daa.css]
[themeforest.net/icons/themeforest.net/apple-touch-icon-144x144-precomposed.png]
[themeforest.net/icons/themeforest.net/apple-touch-icon-114x114-precomposed.png]
[themeforest.net/icons/themeforest.net/apple-touch-icon-72x72-precomposed.png]
[themeforest.net/icons/themeforest.net/apple-touch-icon-precomposed.png]
[www.google-analytics.com/analytics.js]
[themeforest.net/item/materia-responsive-admin-template/full_screen_preview/linkid.js]
[www.googleadservices.com/pagead/f.txt]
[themeforest.net/item/materia-responsive-admin-template/full_screen_preview/11242576a7ca.html]
[themeforest.net/item/materia-responsive-admin-template/full_screen_preview/&quot;http_/solutionportal.net/projects/materia/html&quot;&gt;&lt;img.html]
[themeforest.net/item/materia-responsive-admin-template/full_screen_preview/&quot;http_...html]
[dmypbau5frl9g.cloudfront.net/assets/market/pages/full_screen_preview/index-60d3b000f92e3ea3af698ec5fddf15f8.js]
[dmypbau5frl9g.cloudfront.net/assets/common/pagination_loader-73736b3de249249088088e46fe59d88d.gif]
[dmypbau5frl9g.cloudfront.net/assets/market/core/index-878a2986c156b16068ec7b86dfca26a0.css]
[dmypbau5frl9g.cloudfront.net/assets/market/pages/preview/index-a2e0167dc984a97c7a1a38e740989daa.css]
[themeforest.net/item/materia-responsive-admin-template/full_screen_preview/linkid.html]
